vkuma@DESKTOP-O7CRK8V MINGW64 ~/OneDrive/Desktop/zentraining
$ ssh-keygen -b 2048 -t rsa
Generating public/private rsa key pair.
Enter file in which to save the key (/c/Users/vkuma/.ssh/id_rsa): day1
Enter passphrase (empty for no passphrase):
Enter same passphrase again:
Your identification has been saved in day1
Your public key has been saved in day1.pub
The key fingerprint is:
SHA256:gWq1iUfguBkDOZ+eXWOLcSexZjEDUrWCUvvOp8N7qII vkuma@DESKTOP-O7CRK8V
The key's randomart image is:
+---[RSA 2048]----+
|..o.+o.          |
|oo * .=o         |
|.o*.o =*.        |
| .o*.*Xo..       |
| .oo=O+=S        |
|  o+o..          |
|.  .o..          |
|E   +o.          |
| ...o+           |
+----[SHA256]-----+

vkuma@DESKTOP-O7CRK8V MINGW64 ~/OneDrive/Desktop/zentraining
$ git clone https://github.com/chimpucheks/trainingday1.git
Cloning into 'trainingday1'...
remote: Enumerating objects: 3, done.
remote: Counting objects: 100% (3/3), done.
remote: Total 3 (delta 0), reused 0 (delta 0), pack-reused 0
Receiving objects: 100% (3/3), done.

vkuma@DESKTOP-O7CRK8V MINGW64 ~/OneDrive/Desktop/zentraining/trainingday1 (main)
$ touch demo.txt

vkuma@DESKTOP-O7CRK8V MINGW64 ~/OneDrive/Desktop/zentraining/trainingday1 (main)
$ git pull
Already up to date.

vkuma@DESKTOP-O7CRK8V MINGW64 ~/OneDrive/Desktop/zentraining/trainingday1 (main)
$ git status
On branch main
Your branch is up to date with 'origin/main'.

Untracked files:
  (use "git add <file>..." to include in what will be committed)
        demo.txt

nothing added to commit but untracked files present (use "git add" to track)

vkuma@DESKTOP-O7CRK8V MINGW64 ~/OneDrive/Desktop/zentraining/trainingday1 (main)
$ git add .

vkuma@DESKTOP-O7CRK8V MINGW64 ~/OneDrive/Desktop/zentraining/trainingday1 (main)
$ git status
On branch main
Your branch is up to date with 'origin/main'.

Changes to be committed:
  (use "git restore --staged <file>..." to unstage)
        new file:   demo.txt


vkuma@DESKTOP-O7CRK8V MINGW64 ~/OneDrive/Desktop/zentraining/trainingday1 (main)
$ git config --global user.email "you@example.com"

vkuma@DESKTOP-O7CRK8V MINGW64 ~/OneDrive/Desktop/zentraining/trainingday1 (main)
$   git config --global user.name "Your Name"

vkuma@DESKTOP-O7CRK8V MINGW64 ~/OneDrive/Desktop/zentraining/trainingday1 (main)
$ git config --global user.email "vinodmuvvala772@gmail.com"

vkuma@DESKTOP-O7CRK8V MINGW64 ~/OneDrive/Desktop/zentraining/trainingday1 (main)
$ git config --global user.name "chimpucheks"

vkuma@DESKTOP-O7CRK8V MINGW64 ~/OneDrive/Desktop/zentraining/trainingday1 (main)
$ git commit -m "new file"file
[main ea9d876] new filefile
 1 file changed, 1 insertion(+)
 create mode 100644 demo.txt

vkuma@DESKTOP-O7CRK8V MINGW64 ~/OneDrive/Desktop/zentraining/trainingday1 (main)
$ git push
Enumerating objects: 4, done.
Counting objects: 100% (4/4), done.
Delta compression using up to 12 threads
Compressing objects: 100% (2/2), done.
Writing objects: 100% (3/3), 304 bytes | 304.00 KiB/s, done.
Total 3 (delta 0), reused 0 (delta 0), pack-reused 0
To https://github.com/chimpucheks/trainingday1.git
   8e95a99..ea9d876  main -> main


